Microchip MPLAB XC8 Compiler V2.40

Linker command line:

-W-3 \
  --edf=C:/Users/M73267/.mchp_packs/Microchip/PIC16F1xxxx_DFP/1.17.343/xc8\pic\dat\20230213180724_en.msgs \
  -cn -h+dist/default/production\emg_singal_process.X.production.sym \
  --cmf=dist/default/production\emg_singal_process.X.production.cmf -z \
  -Q16F18875 -oC:\Users\M73267\AppData\Local\Temp\xcAs4uo.4 \
  --defsym=__MPLAB_BUILD=1 --fixupoverflow=error \
  -Mdist/default/production/emg_singal_process.X.production.map \
  --md=C:\Users\M73267\AppData\Local\Temp\xcAs4uo.dat -E1 -ver=XC8 Compiler \
  --acfsm=1493 -ACODE=00h-07FFhx4 -ASTRCODE=00h-01FFFh -ASTRING=00h-0FFhx32 \
  -ACONST=00h-0FFhx32 -AENTRY=00h-0FFhx32 -ACOMMON=070h-07Fh \
  -ABANK0=020h-06Fh -ABANK1=0A0h-0EFh -ABANK2=0120h-016Fh \
  -ABANK3=01A0h-01EFh -ABANK4=0220h-026Fh -ABANK5=02A0h-02EFh \
  -ABANK6=0320h-036Fh -ABANK7=03A0h-03EFh -ABANK8=0420h-046Fh \
  -ABANK9=04A0h-04EFh -ABANK10=0520h-056Fh -ABANK11=05A0h-05EFh \
  -ABANK12=0620h-064Fh -ABIGRAM=02000h-023EFh \
  -ARAM=020h-06Fh,0A0h-0EFh,0120h-016Fh,01A0h-01EFh,0220h-026Fh,02A0h-02EFh,0320h-036Fh,03A0h-03EFh,0420h-046Fh,04A0h-04EFh,0520h-056Fh,05A0h-05EFh,0620h-064Fh \
  -AABS1=020h-07Fh,0A0h-0EFh,0120h-016Fh,01A0h-01EFh,0220h-026Fh,02A0h-02EFh,0320h-036Fh,03A0h-03EFh,0420h-046Fh,04A0h-04EFh,0520h-056Fh,05A0h-05EFh,0620h-064Fh \
  -ASFR0=00h-01Fh -ASFR1=080h-09Fh -ASFR2=0100h-011Fh -ASFR3=0180h-019Fh \
  -ASFR4=0200h-021Fh -ASFR5=0280h-029Fh -ASFR6=0300h-031Fh \
  -ASFR7=0380h-039Fh -ASFR8=0400h-041Fh -ASFR9=0480h-049Fh \
  -ASFR10=0500h-051Fh -ASFR11=0580h-059Fh -ASFR12=0600h-061Fh \
  -ASFR13=0680h-06EFh -ASFR14=0700h-076Fh -ASFR15=0780h-07EFh \
  -ASFR16=0800h-086Fh -ASFR17=0880h-08EFh -ASFR18=0900h-096Fh \
  -ASFR19=0980h-09EFh -ASFR20=0A00h-0A6Fh -ASFR21=0A80h-0AEFh \
  -ASFR22=0B00h-0B6Fh -ASFR23=0B80h-0BEFh -ASFR24=0C00h-0C6Fh \
  -ASFR25=0C80h-0CEFh -ASFR26=0D00h-0D6Fh -ASFR27=0D80h-0DEFh \
  -ASFR28=0E00h-0E6Fh -ASFR29=0E80h-0EEFh -ASFR30=0F00h-0F6Fh \
  -ASFR31=0F80h-0FEFh -ACONFIG=08007h-0800Bh -DCONFIG=2 \
  -AIDLOC=08000h-08003h -DIDLOC=2 -AEEDATA=00h-0FFh/0F000h \
  -peeprom_data=EEDATA -DEEDATA=2 -DCODE=2 -DSTRCODE=2 -DSTRING=2 -DCONST=2 \
  -DENTRY=2 -preset_vec=00h,intentry=04h,init,end_init -ppowerup=CODE \
  -pcinit=CODE -pfunctab=ENTRY -k \
  C:\Users\M73267\AppData\Local\Temp\xcAs4uo.o \
  dist/default/production\emg_singal_process.X.production.o 

Object code version is 3.11

Machine type is 16F18875



                Name                               Link     Load   Length Selector   Space Scale
C:\Users\M73267\AppData\Local\Temp\xcAs4uo.o
                end_init                             37       37        2        8       0
                reset_vec                             0        0        2        0       0
                config                             8007     8007        5        0       4
                idloc                              8000     8000        4        0       5
dist/default/production\emg_singal_process.X.production.o
                cinit                                39       39       40        8       0
                intentry                              4        4       33        8       0
                config                             8007     8007        5        0       4
                idloc                              8000     8000        4        0       5
                text56                              CD4      CD4       19     19A8       0
                text55                              BB2      BB2        4     1764       0
                text54                                2        2        1        0       0
                text53                              BB6      BB6        4     176C       0
                text52                              F44      F44       3D     1E88       0
                text51                              D09      D09       22     1A12       0
                text50                              BBA      BBA        6     1774       0
                text49                              BD2      BD2        7     17A4       0
                text48                              D50      D50       29     1AA0       0
                text47                              6D6      6D6       53        8       0
                text46                              ED1      ED1       37     1DA2       0
                text45                              F08      F08       3C     1E10       0
                text44                              D2B      D2B       25     1A56       0
                text43                                3        3        1        6       0
                text42                              C5E      C5E        F     18BC       0
                text40                              CBC      CBC       18     1978       0
                text39                              BE1      BE1        9     17C2       0
                text38                              BEA      BEA        9     17D4       0
                text37                              BF3      BF3        9     17E6       0
                text36                              BFC      BFC        9     17F8       0
                text35                              C05      C05        9     180A       0
                text34                              FBE      FBE       42     1F7C       0
                text33                              C0E      C0E        9     181C       0
                text32                              729      729       51        8       0
                text31                              BD9      BD9        8     17B2       0
                text30                              C17      C17        9     182E       0
                text29                              CA5      CA5       17     194A       0
                text28                              C7D      C7D       13     18FA       0
                text27                              BAF      BAF        3     175E       0
                text26                              2CF      2CF      208        8       0
                text25                              611      611       71        8       0
                text24                              CED      CED       1C     19DA       0
                text23                              F81      F81       3D     1F02       0
                text22                              4D7      4D7       AB        8       0
                text21                              682      682       54        8       0
                text20                              D79      D79       29     1AF2       0
                text19                              E49      E49       2D     1C92       0
                text18                              C29      C29        A     1852       0
                text17                              DA2      DA2       29     1B44       0
                text16                              77A      77A       4F        8       0
                text15                              DCB      DCB       29     1B96       0
                text14                              E1D      E1D       2C     1C3A       0
                text13                              C33      C33        A     1866       0
                text12                              DF4      DF4       29     1BE8       0
                text11                              582      582       8F        8       0
                text10                              C20      C20        9     1840       0
                text9                               C6D      C6D       10     18DA       0
                text8                               BC0      BC0        6     1780       0
                text7                               BC6      BC6        6     178C       0
                text6                               C47      C47        B     188E       0
                text5                               7C9      7C9       37        8       0
                text4                               C90      C90       15     1920       0
                text3                               C3D      C3D        A     187A       0
                text2                               E76      E76       2D     1CEC       0
                text1                               EA3      EA3       2E     1D46       0
                maintext                             79       79      256        8       0
                cstackBANK0                          20       20       2E       20       1
                cstackCOMMON                         70       70        E       70       1
                cstackBANK2                         154      154        F      120       1
                clrtext                             C52      C52        C     18A4       0
                bssBANK2                            120      120       34      120       1
                bssBANK1                             A0       A0       36       A0       1
                dataBANK0                            5A       5A        6       20       1
                bssBANK0                             4E       4E        C       20       1
                nvBANK1                              D6       D6        C       A0       1
                nvBANK0                              60       60        1       20       1
                idataBANK0                          BCC      BCC        6     1798       0

TOTAL           Name                               Link     Load   Length     Space
        CLASS   CODE           
                end_init                             37       37        2         0
                cinit                                39       39       40         0
                intentry                              4        4       33         0
                reset_vec                             0        0        2         0
                text56                              CD4      CD4       19         0
                text55                              BB2      BB2        4         0
                text54                                2        2        1         0
                text53                              BB6      BB6        4         0
                text52                              F44      F44       3D         0
                text51                              D09      D09       22         0
                text50                              BBA      BBA        6         0
                text49                              BD2      BD2        7         0
                text48                              D50      D50       29         0
                text47                              6D6      6D6       53         0
                text46                              ED1      ED1       37         0
                text45                              F08      F08       3C         0
                text44                              D2B      D2B       25         0
                text43                                3        3        1         0
                text42                              C5E      C5E        F         0
                text40                              CBC      CBC       18         0
                text39                              BE1      BE1        9         0
                text38                              BEA      BEA        9         0
                text37                              BF3      BF3        9         0
                text36                              BFC      BFC        9         0
                text35                              C05      C05        9         0
                text34                              FBE      FBE       42         0
                text33                              C0E      C0E        9         0
                text32                              729      729       51         0
                text31                              BD9      BD9        8         0
                text30                              C17      C17        9         0
                text29                              CA5      CA5       17         0
                text28                              C7D      C7D       13         0
                text27                              BAF      BAF        3         0
                text26                              2CF      2CF      208         0
                text25                              611      611       71         0
                text24                              CED      CED       1C         0
                text23                              F81      F81       3D         0
                text22                              4D7      4D7       AB         0
                text21                              682      682       54         0
                text20                              D79      D79       29         0
                text19                              E49      E49       2D         0
                text18                              C29      C29        A         0
                text17                              DA2      DA2       29         0
                text16                              77A      77A       4F         0
                text15                              DCB      DCB       29         0
                text14                              E1D      E1D       2C         0
                text13                              C33      C33        A         0
                text12                              DF4      DF4       29         0
                text11                              582      582       8F         0
                text10                              C20      C20        9         0
                text9                               C6D      C6D       10         0
                text8                               BC0      BC0        6         0
                text7                               BC6      BC6        6         0
                text6                               C47      C47        B         0
                text5                               7C9      7C9       37         0
                text4                               C90      C90       15         0
                text3                               C3D      C3D        A         0
                text2                               E76      E76       2D         0
                text1                               EA3      EA3       2E         0
                maintext                             79       79      256         0
                clrtext                             C52      C52        C         0
                idataBANK0                          BCC      BCC        6         0

        CLASS   STRCODE        

        CLASS   STRING         

        CLASS   CONST          

        CLASS   ENTRY          

        CLASS   COMMON         
                cstackCOMMON                         70       70        E         1

        CLASS   BANK0          
                cstackBANK0                          20       20       2E         1
                dataBANK0                            5A       5A        6         1
                bssBANK0                             4E       4E        C         1
                nvBANK0                              60       60        1         1

        CLASS   BANK1          
                bssBANK1                             A0       A0       36         1
                nvBANK1                              D6       D6        C         1

        CLASS   BANK2          
                cstackBANK2                         154      154        F         1
                bssBANK2                            120      120       34         1

        CLASS   BANK3          

        CLASS   BANK4          

        CLASS   BANK5          

        CLASS   BANK6          

        CLASS   BANK7          

        CLASS   BANK8          

        CLASS   BANK9          

        CLASS   BANK10         

        CLASS   BANK11         

        CLASS   BANK12         

        CLASS   BIGRAM         

        CLASS   RAM            

        CLASS   ABS1           
                abs_s1                               7E       7E        2         1
                abs_s1                              5BC      5BC       34         1
                abs_s1                              620      620       30         1
                abs_s1                             238C     238C        0         1

        CLASS   SFR0           

        CLASS   SFR1           

        CLASS   SFR2           

        CLASS   SFR3           

        CLASS   SFR4           

        CLASS   SFR5           

        CLASS   SFR6           

        CLASS   SFR7           

        CLASS   SFR8           

        CLASS   SFR9           

        CLASS   SFR10          

        CLASS   SFR11          

        CLASS   SFR12          

        CLASS   SFR13          

        CLASS   SFR14          

        CLASS   SFR15          

        CLASS   SFR16          

        CLASS   SFR17          

        CLASS   SFR18          

        CLASS   SFR19          

        CLASS   SFR20          

        CLASS   SFR21          

        CLASS   SFR22          

        CLASS   SFR23          

        CLASS   SFR24          

        CLASS   SFR25          

        CLASS   SFR26          

        CLASS   SFR27          

        CLASS   SFR28          

        CLASS   SFR29          

        CLASS   SFR30          

        CLASS   SFR31          

        CLASS   CONFIG         
                config                             8007     8007        5         4

        CLASS   IDLOC          
                idloc                              8000     8000        4         5

        CLASS   EEDATA         

        CLASS   BANK31         

        CLASS   BANK30         

        CLASS   BANK29         

        CLASS   BANK28         

        CLASS   BANK27         

        CLASS   BANK26         

        CLASS   BANK25         

        CLASS   BANK24         

        CLASS   BANK23         

        CLASS   BANK22         

        CLASS   BANK21         

        CLASS   BANK20         

        CLASS   BANK19         

        CLASS   BANK18         

        CLASS   BANK17         

        CLASS   BANK16         

        CLASS   BANK15         

        CLASS   BANK14         

        CLASS   BANK13         

        CLASS   HEAP           

        CLASS   STACK          



SEGMENTS        Name                           Load    Length   Top    Selector   Space  Class     Delta

                reset_vec                      000000  000003  000003         0       0  CODE        2
                text43                         000003  000001  000004         6       0  CODE        2
                intentry                       000004  0007FC  000800         8       0  CODE        2
                cstackBANK0                    000020  000041  000061        20       1  BANK0       1
                cstackCOMMON                   000070  00000E  00007E        70       1  COMMON      1
                bssBANK1                       0000A0  000042  0000E2        A0       1  BANK1       1
                bssBANK2                       000120  000043  000163       120       1  BANK2       1
                text27                         000BAF  000003  000BB2      175E       0  CODE        2
                text55                         000BB2  000004  000BB6      1764       0  CODE        2
                text53                         000BB6  000004  000BBA      176C       0  CODE        2
                text50                         000BBA  000006  000BC0      1774       0  CODE        2
                text8                          000BC0  000006  000BC6      1780       0  CODE        2
                text7                          000BC6  000006  000BCC      178C       0  CODE        2
                idataBANK0                     000BCC  000006  000BD2      1798       0  CODE        2
                text49                         000BD2  000007  000BD9      17A4       0  CODE        2
                text31                         000BD9  000008  000BE1      17B2       0  CODE        2
                text39                         000BE1  000009  000BEA      17C2       0  CODE        2
                text38                         000BEA  000009  000BF3      17D4       0  CODE        2
                text37                         000BF3  000009  000BFC      17E6       0  CODE        2
                text36                         000BFC  000009  000C05      17F8       0  CODE        2
                text35                         000C05  000009  000C0E      180A       0  CODE        2
                text33                         000C0E  000009  000C17      181C       0  CODE        2
                text30                         000C17  000009  000C20      182E       0  CODE        2
                text10                         000C20  000009  000C29      1840       0  CODE        2
                text18                         000C29  00000A  000C33      1852       0  CODE        2
                text13                         000C33  00000A  000C3D      1866       0  CODE        2
                text3                          000C3D  00000A  000C47      187A       0  CODE        2
                text6                          000C47  00000B  000C52      188E       0  CODE        2
                clrtext                        000C52  00000C  000C5E      18A4       0  CODE        2
                text42                         000C5E  00000F  000C6D      18BC       0  CODE        2
                text9                          000C6D  000010  000C7D      18DA       0  CODE        2
                text28                         000C7D  000013  000C90      18FA       0  CODE        2
                text4                          000C90  000015  000CA5      1920       0  CODE        2
                text29                         000CA5  000017  000CBC      194A       0  CODE        2
                text40                         000CBC  000018  000CD4      1978       0  CODE        2
                text56                         000CD4  000019  000CED      19A8       0  CODE        2
                text24                         000CED  00001C  000D09      19DA       0  CODE        2
                text51                         000D09  000022  000D2B      1A12       0  CODE        2
                text44                         000D2B  000025  000D50      1A56       0  CODE        2
                text48                         000D50  000029  000D79      1AA0       0  CODE        2
                text20                         000D79  000029  000DA2      1AF2       0  CODE        2
                text17                         000DA2  000029  000DCB      1B44       0  CODE        2
                text15                         000DCB  000029  000DF4      1B96       0  CODE        2
                text12                         000DF4  000029  000E1D      1BE8       0  CODE        2
                text14                         000E1D  00002C  000E49      1C3A       0  CODE        2
                text19                         000E49  00002D  000E76      1C92       0  CODE        2
                text2                          000E76  00002D  000EA3      1CEC       0  CODE        2
                text1                          000EA3  00002E  000ED1      1D46       0  CODE        2
                text46                         000ED1  000037  000F08      1DA2       0  CODE        2
                text45                         000F08  00003C  000F44      1E10       0  CODE        2
                text52                         000F44  00003D  000F81      1E88       0  CODE        2
                text23                         000F81  00003D  000FBE      1F02       0  CODE        2
                text34                         000FBE  000042  001000      1F7C       0  CODE        2


UNUSED ADDRESS RANGES

        Name                Unused          Largest block    Delta
        BANK0            00061-0006F               F           1
        BANK1            000E2-000EF               E           1
        BANK10           00520-0056F              50           1
        BANK11           005A0-005BB              1C           1
        BANK2            00163-0016F               D           1
        BANK3            001A0-001EF              50           1
        BANK4            00220-0026F              50           1
        BANK5            002A0-002EF              50           1
        BANK6            00320-0036F              50           1
        BANK7            003A0-003EF              50           1
        BANK8            00420-0046F              50           1
        BANK9            004A0-004EF              50           1
        BIGRAM           02000-023EF             3F0           1
        CODE             00800-00BAE             3AF           2
                         01000-01FFF             800
        CONST            00800-00BAE             100           2
                         01000-01FFF             100
        EEDATA           0F000-0F0FF             100           2
        ENTRY            00800-00BAE             100           2
                         01000-01FFF             100
        RAM              00061-0006F               F           1
                         000E2-000EF               E
                         00163-0016F               D
                         001A0-001EF              50
                         00220-0026F              50
                         002A0-002EF              50
                         00320-0036F              50
                         003A0-003EF              50
                         00420-0046F              50
                         004A0-004EF              50
                         00520-0056F              50
                         005A0-005BB              1C
        SFR0             00000-0001F              20           1
        SFR1             00080-0009F              20           1
        SFR10            00500-0051F              20           1
        SFR11            00580-0059F              20           1
        SFR12            00600-0061F              20           1
        SFR13            00680-006EF              70           1
        SFR14            00700-0076F              70           1
        SFR15            00780-007EF              70           1
        SFR16            00800-0086F              70           1
        SFR17            00880-008EF              70           1
        SFR18            00900-0096F              70           1
        SFR19            00980-009EF              70           1
        SFR2             00100-0011F              20           1
        SFR20            00A00-00A6F              70           1
        SFR21            00A80-00AEF              70           1
        SFR22            00B00-00B6F              70           1
        SFR23            00B80-00BEF              70           1
        SFR24            00C00-00C6F              70           1
        SFR25            00C80-00CEF              70           1
        SFR26            00D00-00D6F              70           1
        SFR27            00D80-00DEF              70           1
        SFR28            00E00-00E6F              70           1
        SFR29            00E80-00EEF              70           1
        SFR3             00180-0019F              20           1
        SFR30            00F00-00F6F              70           1
        SFR31            00F80-00FEF              70           1
        SFR4             00200-0021F              20           1
        SFR5             00280-0029F              20           1
        SFR6             00300-0031F              20           1
        SFR7             00380-0039F              20           1
        SFR8             00400-0041F              20           1
        SFR9             00480-0049F              20           1
        STRCODE          00800-00BAE             3AF           2
                         01000-01FFF            1000
        STRING           00800-00BAE             100           2
                         01000-01FFF             100

                                  Symbol Table

?_ADCC_GetConversionResult                     cstackCOMMON 00070
?___awmod                                      cstackBANK0  00022
?___fladd                                      cstackBANK0  00022
?___fltol                                      cstackBANK0  00040
?___lwdiv                                      cstackBANK0  00022
?___xxtofl                                     cstackBANK0  0002A
?_abs                                          cstackBANK0  00022
?_get_moving_average                           cstackBANK0  00038
?_get_neutral_peaktopeak                       cstackBANK0  0002B
?_sbuf_peek                                    cstackBANK0  00022
?i1___awmod                                    cstackCOMMON 00070
?i1___lwdiv                                    cstackCOMMON 00070
ADCC_StartConversion@channel                   cstackCOMMON 00070
EUSART_SetErrorHandler@interruptHandler        cstackBANK0  00022
EUSART_SetFramingErrorHandler@interruptHandler cstackBANK0  00022
EUSART_SetOverrunErrorHandler@interruptHandler cstackBANK0  00022
EUSART_SetRxInterruptHandler@interruptHandler  cstackBANK0  00022
EUSART_SetTxInterruptHandler@interruptHandler  cstackBANK0  00022
TMR6_EMG_InterruptHandler@adval                cstackBANK0  00020
TMR6_SetInterruptHandler@InterruptHandler      cstackBANK0  00022
_ADACCH                                        (abs)        00091
_ADACCL                                        (abs)        00090
_ADACQ                                         (abs)        0009D
_ADACT                                         (abs)        00099
_ADCAP                                         (abs)        0009B
_ADCC_GetConversionResult                      text50       00BBA
_ADCC_Initialize                               text40       00CBC
_ADCC_StartConversion                          text49       00BD2
_ADCLK                                         (abs)        00098
_ADCNT                                         (abs)        0010C
_ADCON0                                        (abs)        00093
_ADCON0bits                                    (abs)        00093
_ADCON1                                        (abs)        00094
_ADCON1bits                                    (abs)        00094
_ADCON2                                        (abs)        00095
_ADCON2bits                                    (abs)        00095
_ADCON3                                        (abs)        00096
_ADCON3bits                                    (abs)        00096
_ADERRH                                        (abs)        00117
_ADERRL                                        (abs)        00116
_ADFLTRH                                       (abs)        00115
_ADFLTRL                                       (abs)        00114
_ADLTHH                                        (abs)        0010F
_ADLTHL                                        (abs)        0010E
_ADPCH                                         (abs)        0009E
_ADPRE                                         (abs)        0009C
_ADPREVH                                       (abs)        0008F
_ADPREVL                                       (abs)        0008E
_ADREF                                         (abs)        0009A
_ADRESH                                        (abs)        0008D
_ADRESL                                        (abs)        0008C
_ADRPT                                         (abs)        0010D
_ADSTAT                                        (abs)        00097
_ADSTATbits                                    (abs)        00097
_ADSTPTH                                       (abs)        00113
_ADSTPTL                                       (abs)        00112
_ADUTHH                                        (abs)        00111
_ADUTHL                                        (abs)        00110
_ANSELA                                        (abs)        00F38
_ANSELB                                        (abs)        00F43
_ANSELC                                        (abs)        00F4E
_ANSELD                                        (abs)        00F59
_ANSELE                                        (abs)        00F64
_BAUD1CON                                      (abs)        0011F
_EUSART_DefaultErrorHandler                    text55       00BB2
_EUSART_DefaultFramingErrorHandler             text54       00002
_EUSART_DefaultOverrunErrorHandler             text53       00BB6
_EUSART_ErrorHandler                           nvBANK1      000D6
_EUSART_FramingErrorHandler                    nvBANK1      000DA
_EUSART_Initialize                             text34       00FBE
_EUSART_OverrunErrorHandler                    nvBANK1      000D8
_EUSART_Receive_ISR                            text52       00F44
_EUSART_RxDataHandler                          text56       00CD4
_EUSART_RxDefaultInterruptHandler              nvBANK1      000DC
_EUSART_SetErrorHandler                        text39       00BE1
_EUSART_SetFramingErrorHandler                 text38       00BEA
_EUSART_SetOverrunErrorHandler                 text37       00BF3
_EUSART_SetRxInterruptHandler                  text36       00BFC
_EUSART_SetTxInterruptHandler                  text35       00C05
_EUSART_Transmit_ISR                           text51       00D09
_EUSART_TxDefaultInterruptHandler              nvBANK1      000DE
_INLVLA                                        (abs)        00F3C
_INLVLB                                        (abs)        00F47
_INLVLC                                        (abs)        00F52
_INLVLD                                        (abs)        00F5D
_INLVLE                                        (abs)        00F68
_INTCONbits                                    (abs)        0000B
_INTERRUPT_InterruptManager                    intentry     00004
_LATA                                          (abs)        00016
_LATAbits                                      (abs)        00016
_LATB                                          (abs)        00017
_LATC                                          (abs)        00018
_LATD                                          (abs)        00019
_LATE                                          (abs)        0001A
_ODCONA                                        (abs)        00F3A
_ODCONB                                        (abs)        00F45
_ODCONC                                        (abs)        00F50
_ODCOND                                        (abs)        00F5B
_ODCONE                                        (abs)        00F66
_OSCCON1                                       (abs)        0088D
_OSCCON3                                       (abs)        0088F
_OSCEN                                         (abs)        00891
_OSCFRQ                                        (abs)        00893
_OSCILLATOR_Initialize                         text33       00C0E
_OSCTUNE                                       (abs)        00892
_PIE3bits                                      (abs)        00719
_PIE4bits                                      (abs)        0071A
_PIN_MANAGER_Initialize                        text32       00729
_PIR3bits                                      (abs)        0070F
_PIR4bits                                      (abs)        00710
_PMD0                                          (abs)        00796
_PMD1                                          (abs)        00797
_PMD2                                          (abs)        00798
_PMD3                                          (abs)        00799
_PMD4                                          (abs)        0079A
_PMD5                                          (abs)        0079B
_PMD_Initialize                                text31       00BD9
_PORTBbits                                     (abs)        0000D
_PORTCbits                                     (abs)        0000E
_PR6                                           (abs)        00299
_RC1REG                                        (abs)        00119
_RC1STA                                        (abs)        0011D
_RC1STAbits                                    (abs)        0011D
_RC3PPS                                        (abs)        00F23
_RC4PPS                                        (abs)        00F24
_RC6PPS                                        (abs)        00F26
_RXPPS                                         (abs)        00ECB
_SLRCONA                                       (abs)        00F3B
_SLRCONB                                       (abs)        00F46
_SLRCONC                                       (abs)        00F51
_SLRCOND                                       (abs)        00F5C
_SLRCONE                                       (abs)        00F67
_SP1BRGH                                       (abs)        0011C
_SP1BRGL                                       (abs)        0011B
_SSP1ADD                                       (abs)        0018D
_SSP1BUF                                       (abs)        0018C
_SSP1CLKPPS                                    (abs)        00EC5
_SSP1CON1                                      (abs)        00190
_SSP1CON2                                      (abs)        00191
_SSP1CON2bits                                  (abs)        00191
_SSP1DATPPS                                    (abs)        00EC6
_SSP1STATbits                                  (abs)        0018F
_SYSTEM_Initialize                             text28       00C7D
_T6AINPPS                                      (abs)        00E9E
_T6CLKCON                                      (abs)        0029C
_T6CON                                         (abs)        0029A
_T6CONbits                                     (abs)        0029A
_T6HLT                                         (abs)        0029B
_T6HLTbits                                     (abs)        0029B
_T6PR                                          (abs)        00299
_T6RST                                         (abs)        0029D
_T6RSTbits                                     (abs)        0029D
_T6TMR                                         (abs)        00298
_TMR6                                          (abs)        00298
_TMR6_DefaultInterruptHandler                  text43       00003
_TMR6_EMG_InterruptHandler                     text44       00D2B
_TMR6_ISR                                      text42       00C5E
_TMR6_Initialize                               text29       00CA5
_TMR6_InterruptHandler                         nvBANK1      000E0
_TMR6_SetInterruptHandler                      text30       00C17
_TMR6_Start                                    text27       00BAF
_TRISA                                         (abs)        00011
_TRISB                                         (abs)        00012
_TRISC                                         (abs)        00013
_TRISD                                         (abs)        00014
_TRISE                                         (abs)        00015
_TX1REG                                        (abs)        0011A
_TX1STA                                        (abs)        0011E
_TX1STAbits                                    (abs)        0011E
_WPUA                                          (abs)        00F39
_WPUB                                          (abs)        00F44
_WPUC                                          (abs)        00F4F
_WPUD                                          (abs)        00F5A
_WPUE                                          (abs)        00F65
__Habs1                                        abs1         00000
__Hbank0                                       bank0        00000
__Hbank1                                       bank1        00000
__Hbank10                                      bank10       00000
__Hbank11                                      bank11       00000
__Hbank12                                      bank12       00000
__Hbank13                                      bank13       00000
__Hbank14                                      bank14       00000
__Hbank15                                      bank15       00000
__Hbank16                                      bank16       00000
__Hbank17                                      bank17       00000
__Hbank18                                      bank18       00000
__Hbank19                                      bank19       00000
__Hbank2                                       bank2        00000
__Hbank20                                      bank20       00000
__Hbank21                                      bank21       00000
__Hbank22                                      bank22       00000
__Hbank23                                      bank23       00000
__Hbank24                                      bank24       00000
__Hbank25                                      bank25       00000
__Hbank26                                      bank26       00000
__Hbank27                                      bank27       00000
__Hbank28                                      bank28       00000
__Hbank29                                      bank29       00000
__Hbank3                                       bank3        00000
__Hbank30                                      bank30       00000
__Hbank31                                      bank31       00000
__Hbank4                                       bank4        00000
__Hbank5                                       bank5        00000
__Hbank6                                       bank6        00000
__Hbank7                                       bank7        00000
__Hbank8                                       bank8        00000
__Hbank9                                       bank9        00000
__Hbigram                                      bigram       00000
__HbssBANK0                                    bssBANK0     00000
__HbssBANK1                                    bssBANK1     00000
__HbssBANK2                                    bssBANK2     00000
__Hcinit                                       cinit        00079
__Hclrtext                                     clrtext      00000
__Hcode                                        code         00000
__Hcommon                                      common       00000
__Hconfig                                      config       0800C
__HcstackBANK0                                 cstackBANK0  00000
__HcstackBANK2                                 cstackBANK2  00000
__HcstackCOMMON                                cstackCOMMON 00000
__HdataBANK0                                   dataBANK0    00000
__Heeprom_data                                 eeprom_data  00000
__Hend_init                                    end_init     00039
__Hfunctab                                     functab      00000
__Hheap                                        heap         00000
__HidataBANK0                                  idataBANK0   00000
__Hidloc                                       idloc        08004
__Hinit                                        init         00037
__Hintentry                                    intentry     00037
__Hmaintext                                    maintext     00000
__HnvBANK0                                     nvBANK0      00000
__HnvBANK1                                     nvBANK1      00000
__Hpowerup                                     powerup      00000
__Hram                                         ram          00000
__Hreset_vec                                   reset_vec    00002
__Hsfr0                                        sfr0         00000
__Hsfr1                                        sfr1         00000
__Hsfr10                                       sfr10        00000
__Hsfr11                                       sfr11        00000
__Hsfr12                                       sfr12        00000
__Hsfr13                                       sfr13        00000
__Hsfr14                                       sfr14        00000
__Hsfr15                                       sfr15        00000
__Hsfr16                                       sfr16        00000
__Hsfr17                                       sfr17        00000
__Hsfr18                                       sfr18        00000
__Hsfr19                                       sfr19        00000
__Hsfr2                                        sfr2         00000
__Hsfr20                                       sfr20        00000
__Hsfr21                                       sfr21        00000
__Hsfr22                                       sfr22        00000
__Hsfr23                                       sfr23        00000
__Hsfr24                                       sfr24        00000
__Hsfr25                                       sfr25        00000
__Hsfr26                                       sfr26        00000
__Hsfr27                                       sfr27        00000
__Hsfr28                                       sfr28        00000
__Hsfr29                                       sfr29        00000
__Hsfr3                                        sfr3         00000
__Hsfr30                                       sfr30        00000
__Hsfr31                                       sfr31        00000
__Hsfr4                                        sfr4         00000
__Hsfr5                                        sfr5         00000
__Hsfr6                                        sfr6         00000
__Hsfr7                                        sfr7         00000
__Hsfr8                                        sfr8         00000
__Hsfr9                                        sfr9         00000
__Hspace_0                                     (abs)        01000
__Hspace_1                                     (abs)        00163
__Hspace_2                                     (abs)        00000
__Hspace_3                                     (abs)        00000
__Hspace_4                                     (abs)        10013
__Hstack                                       stack        00000
__Hstrings                                     strings      00000
__Htext                                        text         00000
__Labs1                                        abs1         00000
__Lbank0                                       bank0        00000
__Lbank1                                       bank1        00000
__Lbank10                                      bank10       00000
__Lbank11                                      bank11       00000
__Lbank12                                      bank12       00000
__Lbank13                                      bank13       00000
__Lbank14                                      bank14       00000
__Lbank15                                      bank15       00000
__Lbank16                                      bank16       00000
__Lbank17                                      bank17       00000
__Lbank18                                      bank18       00000
__Lbank19                                      bank19       00000
__Lbank2                                       bank2        00000
__Lbank20                                      bank20       00000
__Lbank21                                      bank21       00000
__Lbank22                                      bank22       00000
__Lbank23                                      bank23       00000
__Lbank24                                      bank24       00000
__Lbank25                                      bank25       00000
__Lbank26                                      bank26       00000
__Lbank27                                      bank27       00000
__Lbank28                                      bank28       00000
__Lbank29                                      bank29       00000
__Lbank3                                       bank3        00000
__Lbank30                                      bank30       00000
__Lbank31                                      bank31       00000
__Lbank4                                       bank4        00000
__Lbank5                                       bank5        00000
__Lbank6                                       bank6        00000
__Lbank7                                       bank7        00000
__Lbank8                                       bank8        00000
__Lbank9                                       bank9        00000
__Lbigram                                      bigram       00000
__LbssBANK0                                    bssBANK0     00000
__LbssBANK1                                    bssBANK1     00000
__LbssBANK2                                    bssBANK2     00000
__Lcinit                                       cinit        00039
__Lclrtext                                     clrtext      00000
__Lcode                                        code         00000
__Lcommon                                      common       00000
__Lconfig                                      config       00000
__LcstackBANK0                                 cstackBANK0  00000
__LcstackBANK2                                 cstackBANK2  00000
__LcstackCOMMON                                cstackCOMMON 00000
__LdataBANK0                                   dataBANK0    00000
__Leeprom_data                                 eeprom_data  00000
__Lend_init                                    end_init     00037
__Lfunctab                                     functab      00000
__Lheap                                        heap         00000
__LidataBANK0                                  idataBANK0   00000
__Lidloc                                       idloc        00000
__Linit                                        init         00037
__Lintentry                                    intentry     00004
__Lmaintext                                    maintext     00000
__LnvBANK0                                     nvBANK0      00000
__LnvBANK1                                     nvBANK1      00000
__Lpowerup                                     powerup      00000
__Lram                                         ram          00000
__Lreset_vec                                   reset_vec    00000
__Lsfr0                                        sfr0         00000
__Lsfr1                                        sfr1         00000
__Lsfr10                                       sfr10        00000
__Lsfr11                                       sfr11        00000
__Lsfr12                                       sfr12        00000
__Lsfr13                                       sfr13        00000
__Lsfr14                                       sfr14        00000
__Lsfr15                                       sfr15        00000
__Lsfr16                                       sfr16        00000
__Lsfr17                                       sfr17        00000
__Lsfr18                                       sfr18        00000
__Lsfr19                                       sfr19        00000
__Lsfr2                                        sfr2         00000
__Lsfr20                                       sfr20        00000
__Lsfr21                                       sfr21        00000
__Lsfr22                                       sfr22        00000
__Lsfr23                                       sfr23        00000
__Lsfr24                                       sfr24        00000
__Lsfr25                                       sfr25        00000
__Lsfr26                                       sfr26        00000
__Lsfr27                                       sfr27        00000
__Lsfr28                                       sfr28        00000
__Lsfr29                                       sfr29        00000
__Lsfr3                                        sfr3         00000
__Lsfr30                                       sfr30        00000
__Lsfr31                                       sfr31        00000
__Lsfr4                                        sfr4         00000
__Lsfr5                                        sfr5         00000
__Lsfr6                                        sfr6         00000
__Lsfr7                                        sfr7         00000
__Lsfr8                                        sfr8         00000
__Lsfr9                                        sfr9         00000
__Lspace_0                                     (abs)        00000
__Lspace_1                                     (abs)        00000
__Lspace_2                                     (abs)        00000
__Lspace_3                                     (abs)        00000
__Lspace_4                                     (abs)        00000
__Lstack                                       stack        00000
__Lstrings                                     strings      00000
__Ltext                                        text         00000
__S0                                           (abs)        01000
__S1                                           (abs)        00163
__S3                                           (abs)        00000
___awmod                                       text21       00682
___awmod@counter                               cstackBANK0  00027
___awmod@dividend                              cstackBANK0  00024
___awmod@divisor                               cstackBANK0  00022
___awmod@sign                                  cstackBANK0  00028
___fladd                                       text26       002CF
___fladd@a                                     cstackBANK0  00026
___fladd@aexp                                  cstackBANK0  00033
___fladd@b                                     cstackBANK0  00022
___fladd@bexp                                  cstackBANK0  00034
___fladd@grs                                   cstackBANK0  00035
___fladd@signs                                 cstackBANK0  00032
___fltol                                       text25       00611
___fltol@exp1                                  cstackBANK0  00049
___fltol@f1                                    cstackBANK0  00040
___fltol@sign1                                 cstackBANK0  00048
___heap_hi                                     (abs)        00000
___heap_lo                                     (abs)        00000
___int_sp                                      stack        00000
___latbits                                     (abs)        00002
___lwdiv                                       text23       00F81
___lwdiv@counter                               cstackBANK0  00027
___lwdiv@dividend                              cstackBANK0  00024
___lwdiv@divisor                               cstackBANK0  00022
___lwdiv@quotient                              cstackBANK0  00028
___sp                                          stack        00000
___stackhi                                     (abs)        00000
___stacklo                                     (abs)        00000
___xxtofl                                      text22       004D7
___xxtofl@arg                                  cstackBANK0  00034
___xxtofl@exp                                  cstackBANK0  00033
___xxtofl@sign                                 cstackBANK0  00032
___xxtofl@val                                  cstackBANK0  0002A
__end_of_ADCC_GetConversionResult              text50       00BC0
__end_of_ADCC_Initialize                       text40       00CD4
__end_of_ADCC_StartConversion                  text49       00BD9
__end_of_EUSART_DefaultErrorHandler            text55       00BB6
__end_of_EUSART_DefaultFramingErrorHandler     text54       00003
__end_of_EUSART_DefaultOverrunErrorHandler     text53       00BBA
__end_of_EUSART_Initialize                     text34       01000
__end_of_EUSART_Receive_ISR                    text52       00F81
__end_of_EUSART_RxDataHandler                  text56       00CED
__end_of_EUSART_SetErrorHandler                text39       00BEA
__end_of_EUSART_SetFramingErrorHandler         text38       00BF3
__end_of_EUSART_SetOverrunErrorHandler         text37       00BFC
__end_of_EUSART_SetRxInterruptHandler          text36       00C05
__end_of_EUSART_SetTxInterruptHandler          text35       00C0E
__end_of_EUSART_Transmit_ISR                   text51       00D2B
__end_of_INTERRUPT_InterruptManager            intentry     00037
__end_of_OSCILLATOR_Initialize                 text33       00C17
__end_of_PIN_MANAGER_Initialize                text32       0077A
__end_of_PMD_Initialize                        text31       00BE1
__end_of_SYSTEM_Initialize                     text28       00C90
__end_of_TMR6_DefaultInterruptHandler          text43       00004
__end_of_TMR6_EMG_InterruptHandler             text44       00D50
__end_of_TMR6_ISR                              text42       00C6D
__end_of_TMR6_Initialize                       text29       00CBC
__end_of_TMR6_SetInterruptHandler              text30       00C20
__end_of_TMR6_Start                            text27       00BB2
__end_of___awmod                               text21       006D6
__end_of___fladd                               text26       004D7
__end_of___fltol                               text25       00682
__end_of___lwdiv                               text23       00FBE
__end_of___xxtofl                              text22       00582
__end_of__initialization                       cinit        00075
__end_of_abs                                   text24       00D09
__end_of_get_moving_average                    text16       007C9
__end_of_get_neutral_peaktopeak                text11       00611
__end_of_i2c_init                              text10       00C29
__end_of_i2c_start                             text8        00BC6
__end_of_i2c_stop                              text7        00BCC
__end_of_i2c_waitForIdle                       text9        00C7D
__end_of_i2c_write                             text6        00C52
__end_of_madata_insert                         text19       00E76
__end_of_madata_isempty                        text18       00C33
__end_of_madata_isfull                         text20       00DA2
__end_of_madata_remove                         text17       00DCB
__end_of_main                                  maintext     002CF
__end_of_pca9685_init                          text5        00800
__end_of_pkdata_insert                         text14       00E49
__end_of_pkdata_isempty                        text13       00C3D
__end_of_pkdata_isfull                         text15       00DF4
__end_of_pkdata_remove                         text12       00E1D
__end_of_sbuf_insert                           text46       00F08
__end_of_sbuf_isempty                          text3        00C47
__end_of_sbuf_isfull                           text48       00D79
__end_of_sbuf_peek                             text4        00CA5
__end_of_sbuf_remove                           text2        00EA3
__end_of_set_pwm                               text1        00ED1
__end_ofi1___awmod                             text47       00729
__end_ofi1___lwdiv                             text45       00F44
__initialization                               cinit        00039
__pbssBANK0                                    bssBANK0     0004E
__pbssBANK1                                    bssBANK1     000A0
__pbssBANK2                                    bssBANK2     00120
__pbssBIGRAM                                   (abs)        0238C
__pcstackBANK0                                 cstackBANK0  00020
__pcstackBANK2                                 cstackBANK2  00154
__pcstackCOMMON                                cstackCOMMON 00070
__pdataBANK0                                   dataBANK0    0005A
__pidataBANK0                                  idataBANK0   00BCC
__pintentry                                    intentry     00004
__pmaintext                                    maintext     00079
__pnvBANK0                                     nvBANK0      00060
__pnvBANK1                                     nvBANK1      000D6
__ptext1                                       text1        00EA3
__ptext10                                      text10       00C20
__ptext11                                      text11       00582
__ptext12                                      text12       00DF4
__ptext13                                      text13       00C33
__ptext14                                      text14       00E1D
__ptext15                                      text15       00DCB
__ptext16                                      text16       0077A
__ptext17                                      text17       00DA2
__ptext18                                      text18       00C29
__ptext19                                      text19       00E49
__ptext2                                       text2        00E76
__ptext20                                      text20       00D79
__ptext21                                      text21       00682
__ptext22                                      text22       004D7
__ptext23                                      text23       00F81
__ptext24                                      text24       00CED
__ptext25                                      text25       00611
__ptext26                                      text26       002CF
__ptext27                                      text27       00BAF
__ptext28                                      text28       00C7D
__ptext29                                      text29       00CA5
__ptext3                                       text3        00C3D
__ptext30                                      text30       00C17
__ptext31                                      text31       00BD9
__ptext32                                      text32       00729
__ptext33                                      text33       00C0E
__ptext34                                      text34       00FBE
__ptext35                                      text35       00C05
__ptext36                                      text36       00BFC
__ptext37                                      text37       00BF3
__ptext38                                      text38       00BEA
__ptext39                                      text39       00BE1
__ptext4                                       text4        00C90
__ptext40                                      text40       00CBC
__ptext42                                      text42       00C5E
__ptext43                                      text43       00003
__ptext44                                      text44       00D2B
__ptext45                                      text45       00F08
__ptext46                                      text46       00ED1
__ptext47                                      text47       006D6
__ptext48                                      text48       00D50
__ptext49                                      text49       00BD2
__ptext5                                       text5        007C9
__ptext50                                      text50       00BBA
__ptext51                                      text51       00D09
__ptext52                                      text52       00F44
__ptext53                                      text53       00BB6
__ptext54                                      text54       00002
__ptext55                                      text55       00BB2
__ptext56                                      text56       00CD4
__ptext6                                       text6        00C47
__ptext7                                       text7        00BC6
__ptext8                                       text8        00BC0
__ptext9                                       text9        00C6D
_abs                                           text24       00CED
_eusartRxBuffer                                bssBANK1     000C6
_eusartRxCount                                 bssBANK0     00055
_eusartRxHead                                  bssBANK0     00057
_eusartRxLastError                             bssBANK0     00054
_eusartRxStatusBuffer                          bssBANK1     000BE
_eusartRxTail                                  bssBANK0     00056
_eusartTxBuffer                                bssBANK1     000CE
_eusartTxBufferRemaining                       nvBANK0      00060
_eusartTxHead                                  bssBANK0     00059
_eusartTxTail                                  bssBANK0     00058
_get_moving_average                            text16       0077A
_get_neutral_peaktopeak                        text11       00582
_i                                             bssBANK0     00052
_i2c_init                                      text10       00C20
_i2c_start                                     text8        00BC0
_i2c_stop                                      text7        00BC6
_i2c_waitForIdle                               text9        00C6D
_i2c_write                                     text6        00C47
_ma_data                                       bssBANK2     00120
_ma_front                                      dataBANK0    0005B
_ma_rear                                       dataBANK0    0005A
_ma_window_sum                                 bssBANK0     0004E
_madata_insert                                 text19       00E49
_madata_isempty                                text18       00C29
_madata_isfull                                 text20       00D79
_madata_remove                                 text17       00DA2
_main                                          maintext     00079
_pca9685_init                                  text5        007C9
_pk_data                                       bssBANK1     000B4
_pk_front                                      dataBANK0    0005D
_pk_rear                                       dataBANK0    0005C
_pkdata_insert                                 text14       00E1D
_pkdata_isempty                                text13       00C33
_pkdata_isfull                                 text15       00DCB
_pkdata_remove                                 text12       00DF4
_sb_data                                       (abs)        0238C
_sb_front                                      dataBANK0    0005F
_sb_rear                                       dataBANK0    0005E
_sbuf_insert                                   text46       00ED1
_sbuf_isempty                                  text3        00C3D
_sbuf_isfull                                   text48       00D50
_sbuf_peek                                     text4        00C90
_sbuf_remove                                   text2        00E76
_set_pwm                                       text1        00EA3
_start_flag                                    bssBANK0     00053
abs@a                                          cstackBANK0  00022
btemp                                          (abs)        0007E
clear_ram0                                     clrtext      00C52
end_of_initialization                          cinit        00075
get_moving_average@datapoint                   cstackBANK0  00038
get_neutral_peaktopeak@datapoint               cstackBANK0  0002B
get_neutral_peaktopeak@highest_peak            cstackBANK0  00033
get_neutral_peaktopeak@i                       cstackBANK0  00037
get_neutral_peaktopeak@lowest_peak             cstackBANK0  00035
get_neutral_peaktopeak@neutral                 cstackBANK0  00031
i1___awmod                                     text47       006D6
i1___awmod@counter                             cstackCOMMON 00075
i1___awmod@dividend                            cstackCOMMON 00072
i1___awmod@divisor                             cstackCOMMON 00070
i1___awmod@sign                                cstackCOMMON 00076
i1___lwdiv                                     text45       00F08
i1___lwdiv@counter                             cstackCOMMON 00077
i1___lwdiv@dividend                            cstackCOMMON 00072
i1___lwdiv@divisor                             cstackCOMMON 00070
i1___lwdiv@quotient                            cstackCOMMON 00075
i2c_write@i2cWriteData                         cstackBANK0  00023
int$flags                                      (abs)        0007E
intlevel0                                      functab      00000
intlevel1                                      functab      00000
intlevel2                                      functab      00000
intlevel3                                      functab      00000
intlevel4                                      functab      00000
intlevel5                                      functab      00000
madata_insert@element                          cstackBANK0  00029
main@count                                     cstackBANK2  0015B
main@datapoint                                 cstackBANK2  0015E
main@flex_flag                                 cstackBANK2  00160
main@mode                                      cstackBANK2  0015A
main@motor_started                             cstackBANK2  0015D
main@neutral_datapoint                         cstackBANK2  00158
main@result                                    cstackBANK2  00161
main@time_elapsed                              cstackBANK2  00154
pkdata_insert@element                          cstackBANK0  00029
reset_vec                                      reset_vec    00000
sbuf_insert@element                            cstackCOMMON 00078
set_pwm@channel                                cstackBANK0  00029
set_pwm@off_time                               cstackBANK0  00026
set_pwm@on_time                                cstackBANK0  00024
start                                          init         00037
start_initialization                           cinit        00039
wtemp0                                         (abs)        0007E


MODULE INFORMATION

Module		Function		Class		Link	Load	Size
signal_buffer.c
		_sbuf_remove   		CODE           	0E76	0000	45
		_sbuf_insert   		CODE           	0ED1	0000	55
		_sbuf_peek     		CODE           	0C90	0000	21
		_sbuf_isfull   		CODE           	0D50	0000	41
		_sbuf_isempty  		CODE           	0C3D	0000	10

signal_buffer.c estimated size: 172

C:\Program Files\Microchip\xc8\v2.40\pic\sources\c99\common\lwdiv.c
		___lwdiv       		CODE           	0F81	0000	61

C:\Program Files\Microchip\xc8\v2.40\pic\sources\c99\common\lwdiv.c estimated size: 61

mcc_generated_files/tmr6.c
		_TMR6_ISR      		CODE           	0C5E	0000	15
		_TMR6_Initialize		CODE           	0CA5	0000	23
		_TMR6_Start    		CODE           	0BAF	0000	3
		_TMR6_SetInterruptHandler		CODE           	0C17	0000	9
		_TMR6_DefaultInterruptHandler		CODE           	0003	0000	1

mcc_generated_files/tmr6.c estimated size: 51

C:\Program Files\Microchip\xc8\v2.40\pic\sources\c99\common\fltol.c
		___fltol       		CODE           	0611	0000	113

C:\Program Files\Microchip\xc8\v2.40\pic\sources\c99\common\fltol.c estimated size: 113

mcc_generated_files/interrupt_manager.c
		_INTERRUPT_InterruptManager		CODE           	0004	0000	51

mcc_generated_files/interrupt_manager.c estimated size: 51

moving_avg_filter.c
		_madata_remove 		CODE           	0DA2	0000	41
		_madata_isfull 		CODE           	0D79	0000	41
		_madata_insert 		CODE           	0E49	0000	45
		_madata_isempty		CODE           	0C29	0000	10

moving_avg_filter.c estimated size: 137

C:\Program Files\Microchip\xc8\v2.40\pic\sources\c99\common\abs.c
		_abs           		CODE           	0CED	0000	28

C:\Program Files\Microchip\xc8\v2.40\pic\sources\c99\common\abs.c estimated size: 28

i2c.c
		_i2c_start     		CODE           	0BC0	0000	6
		_i2c_waitForIdle		CODE           	0C6D	0000	16
		_i2c_write     		CODE           	0C47	0000	11
		_i2c_stop      		CODE           	0BC6	0000	6
		_i2c_init      		CODE           	0C20	0000	9

i2c.c estimated size: 48

signal_processing.c
		_get_neutral_peaktopeak		CODE           	0582	0000	143
		_get_moving_average		CODE           	077A	0000	79

signal_processing.c estimated size: 222

mcc_generated_files/pin_manager.c
		_PIN_MANAGER_Initialize		CODE           	0729	0000	81

mcc_generated_files/pin_manager.c estimated size: 81

peak_filter.c
		_pkdata_remove 		CODE           	0DF4	0000	41
		_pkdata_isfull 		CODE           	0DCB	0000	41
		_pkdata_insert 		CODE           	0E1D	0000	44
		_pkdata_isempty		CODE           	0C33	0000	10

peak_filter.c estimated size: 136

C:\Program Files\Microchip\xc8\v2.40\pic\sources\c99\common\sprcadd.c
		___fladd       		CODE           	02CF	0000	520

C:\Program Files\Microchip\xc8\v2.40\pic\sources\c99\common\sprcadd.c estimated size: 520

pca9685.c
		_pca9685_init  		CODE           	07C9	0000	55
		_set_pwm       		CODE           	0EA3	0000	46

pca9685.c estimated size: 101

C:\Program Files\Microchip\xc8\v2.40\pic\sources\c99\common\xxtofl.c
		___xxtofl      		CODE           	04D7	0000	171

C:\Program Files\Microchip\xc8\v2.40\pic\sources\c99\common\xxtofl.c estimated size: 171

shared
		i1___lwdiv     		CODE           	0F08	0000	60
		__initialization		CODE           	0039	0000	60
		i1___awmod     		CODE           	06D6	0000	83

shared estimated size: 203

mcc_generated_files/mcc.c
		_PMD_Initialize		CODE           	0BD9	0000	8
		_OSCILLATOR_Initialize		CODE           	0C0E	0000	9
		_SYSTEM_Initialize		CODE           	0C7D	0000	19

mcc_generated_files/mcc.c estimated size: 36

C:\Program Files\Microchip\xc8\v2.40\pic\sources\c99\common\awmod.c
		___awmod       		CODE           	0682	0000	84

C:\Program Files\Microchip\xc8\v2.40\pic\sources\c99\common\awmod.c estimated size: 84

mcc_generated_files/eusart.c
		_EUSART_SetRxInterruptHandler		CODE           	0BFC	0000	9
		_EUSART_SetTxInterruptHandler		CODE           	0C05	0000	9
		_EUSART_DefaultOverrunErrorHandler		CODE           	0BB6	0000	4
		_EUSART_DefaultErrorHandler		CODE           	0BB2	0000	4
		_EUSART_Transmit_ISR		CODE           	0D09	0000	34
		_EUSART_Initialize		CODE           	0FBE	0000	66
		_EUSART_SetFramingErrorHandler		CODE           	0BEA	0000	9
		_EUSART_SetErrorHandler		CODE           	0BE1	0000	9
		_EUSART_SetOverrunErrorHandler		CODE           	0BF3	0000	9
		_EUSART_Receive_ISR		CODE           	0F44	0000	61
		_EUSART_RxDataHandler		CODE           	0CD4	0000	25
		_EUSART_DefaultFramingErrorHandler		CODE           	0002	0000	1

mcc_generated_files/eusart.c estimated size: 240

mcc_generated_files/adcc.c
		_ADCC_GetConversionResult		CODE           	0BBA	0000	6
		_ADCC_StartConversion		CODE           	0BD2	0000	7
		_ADCC_Initialize		CODE           	0CBC	0000	24

mcc_generated_files/adcc.c estimated size: 37

main.c
		_main          		CODE           	0079	0000	598
		_TMR6_EMG_InterruptHandler		CODE           	0D2B	0000	37

main.c estimated size: 635

